com\fleurairlines\model\Person.class
com\fleurairlines\ui\OrderConfirmationScreen$OrderTicket.class
com\fleurairlines\util\Constants.class
com\fleurairlines\model\DrinkType.class
com\fleurairlines\ui\BookingExtrasScreen.class
com\fleurairlines\ui\AdminDashboard$2.class
com\fleurairlines\model\MealType.class
com\fleurairlines\model\Ticket.class
com\fleurairlines\ui\AdminDashboard$3.class
com\fleurairlines\ui\LoginScreen.class
com\fleurairlines\model\Flight$1.class
com\fleurairlines\database\DatabaseService.class
com\fleurairlines\model\Luggage.class
com\fleurairlines\ui\CrewMemberScreen.class
com\fleurairlines\ui\SeatSelectionScreen$1.class
com\fleurairlines\ui\SeatSelectionScreen.class
com\fleurairlines\ui\LoginScreen$1.class
com\fleurairlines\ui\MyBookingsScreen$1.class
com\fleurairlines\ui\SceneTransitionUtil.class
com\fleurairlines\ui\MyBookingsScreen$ReservationRow.class
com\fleurairlines\ui\MyBookingsScreen.class
com\fleurairlines\model\Aircraft.class
com\fleurairlines\ui\LoginScreen$3.class
com\fleurairlines\model\Seat.class
com\fleurairlines\ui\FlightSearchScreen.class
com\fleurairlines\model\Flight.class
com\fleurairlines\ui\AdminDashboard$1.class
com\fleurairlines\ui\MyBookingsScreen$2.class
com\fleurairlines\ui\AdminDashboard$4.class
com\fleurairlines\model\Seat$SeatClass.class
com\fleurairlines\pattern\FlightObserver.class
com\fleurairlines\util\InputSanitizer.class
com\fleurairlines\ui\AdminDashboard.class
com\fleurairlines\service\FlightService.class
com\fleurairlines\ui\PassengerDashboard.class
com\fleurairlines\App.class
com\fleurairlines\ui\CrewMemberScreen$CrewFlightRow.class
module-info.class
com\fleurairlines\model\Passenger.class
com\fleurairlines\pattern\SessionManager.class
com\fleurairlines\ui\FleurFooter.class
com\fleurairlines\util\DatabaseException.class
com\fleurairlines\ui\OrderConfirmationScreen.class
com\fleurairlines\ui\BookingExtrasScreen$TicketHolder.class
com\fleurairlines\model\Airport.class
com\fleurairlines\model\Admin.class
com\fleurairlines\model\CrewMember.class
com\fleurairlines\ui\MyBookingsScreen$3.class
com\fleurairlines\model\Reservation$ReservationStatus.class
com\fleurairlines\service\BookingService.class
com\fleurairlines\ui\LoginScreen$2.class
com\fleurairlines\model\Reservation.class
com\fleurairlines\service\AuthService.class
com\fleurairlines\util\PasswordUtil.class
com\fleurairlines\pattern\FlightEventBus.class
com\fleurairlines\ui\CrewMemberScreen$CrewMember.class
