C:\Users\Farah\OneDrive - Arab Academy for Science and Technology\Desktop\hello.java\fleur-airlines\src\main\java\com\fleurairlines\service\FlightService.java
C:\Users\Farah\OneDrive - Arab Academy for Science and Technology\Desktop\hello.java\fleur-airlines\src\main\java\com\fleurairlines\Launcher.java
C:\Users\Farah\OneDrive - Arab Academy for Science and Technology\Desktop\hello.java\fleur-airlines\src\main\java\com\fleurairlines\model\Reservation.java
C:\Users\Farah\OneDrive - Arab Academy for Science and Technology\Desktop\hello.java\fleur-airlines\src\main\java\com\fleurairlines\service\BookingService.java
C:\Users\Farah\OneDrive - Arab Academy for Science and Technology\Desktop\hello.java\fleur-airlines\src\main\java\com\fleurairlines\App.java
C:\Users\Farah\OneDrive - Arab Academy for Science and Technology\Desktop\hello.java\fleur-airlines\src\main\java\com\fleurairlines\model\Admin.java
C:\Users\Farah\OneDrive - Arab Academy for Science and Technology\Desktop\hello.java\fleur-airlines\src\main\java\com\fleurairlines\ui\SeatSelectionScreen.java
C:\Users\Farah\OneDrive - Arab Academy for Science and Technology\Desktop\hello.java\fleur-airlines\src\main\java\com\fleurairlines\model\Passenger.java
C:\Users\Farah\OneDrive - Arab Academy for Science and Technology\Desktop\hello.java\fleur-airlines\src\main\java\com\fleurairlines\util\Constants.java
C:\Users\Farah\OneDrive - Arab Academy for Science and Technology\Desktop\hello.java\fleur-airlines\src\main\java\com\fleurairlines\model\Flight.java
C:\Users\Farah\OneDrive - Arab Academy for Science and Technology\Desktop\hello.java\fleur-airlines\src\main\java\com\fleurairlines\ui\OrderConfirmationScreen.java
C:\Users\Farah\OneDrive - Arab Academy for Science and Technology\Desktop\hello.java\fleur-airlines\src\main\java\com\fleurairlines\model\Aircraft.java
C:\Users\Farah\OneDrive - Arab Academy for Science and Technology\Desktop\hello.java\fleur-airlines\src\main\java\com\fleurairlines\database\DatabaseService.java
C:\Users\Farah\OneDrive - Arab Academy for Science and Technology\Desktop\hello.java\fleur-airlines\src\main\java\com\fleurairlines\ui\CrewMemberScreen.java
C:\Users\Farah\OneDrive - Arab Academy for Science and Technology\Desktop\hello.java\fleur-airlines\src\main\java\com\fleurairlines\model\MealType.java
C:\Users\Farah\OneDrive - Arab Academy for Science and Technology\Desktop\hello.java\fleur-airlines\src\main\java\com\fleurairlines\model\DrinkType.java
C:\Users\Farah\OneDrive - Arab Academy for Science and Technology\Desktop\hello.java\fleur-airlines\src\main\java\com\fleurairlines\model\Ticket.java
C:\Users\Farah\OneDrive - Arab Academy for Science and Technology\Desktop\hello.java\fleur-airlines\src\main\java\com\fleurairlines\ui\MyBookingsScreen.java
C:\Users\Farah\OneDrive - Arab Academy for Science and Technology\Desktop\hello.java\fleur-airlines\src\main\java\com\fleurairlines\util\InputSanitizer.java
C:\Users\Farah\OneDrive - Arab Academy for Science and Technology\Desktop\hello.java\fleur-airlines\src\main\java\com\fleurairlines\ui\AdminDashboard.java
C:\Users\Farah\OneDrive - Arab Academy for Science and Technology\Desktop\hello.java\fleur-airlines\src\main\java\com\fleurairlines\pattern\SessionManager.java
C:\Users\Farah\OneDrive - Arab Academy for Science and Technology\Desktop\hello.java\fleur-airlines\src\main\java\com\fleurairlines\ui\FleurFooter.java
C:\Users\Farah\OneDrive - Arab Academy for Science and Technology\Desktop\hello.java\fleur-airlines\src\main\java\com\fleurairlines\ui\FlightSearchScreen.java
C:\Users\Farah\OneDrive - Arab Academy for Science and Technology\Desktop\hello.java\fleur-airlines\src\main\java\com\fleurairlines\model\Person.java
C:\Users\Farah\OneDrive - Arab Academy for Science and Technology\Desktop\hello.java\fleur-airlines\src\main\java\com\fleurairlines\ui\LoginScreen.java
C:\Users\Farah\OneDrive - Arab Academy for Science and Technology\Desktop\hello.java\fleur-airlines\src\main\java\com\fleurairlines\model\Luggage.java
C:\Users\Farah\OneDrive - Arab Academy for Science and Technology\Desktop\hello.java\fleur-airlines\src\main\java\com\fleurairlines\pattern\FlightObserver.java
C:\Users\Farah\OneDrive - Arab Academy for Science and Technology\Desktop\hello.java\fleur-airlines\src\main\java\com\fleurairlines\model\Seat.java
C:\Users\Farah\OneDrive - Arab Academy for Science and Technology\Desktop\hello.java\fleur-airlines\src\main\java\com\fleurairlines\service\AuthService.java
C:\Users\Farah\OneDrive - Arab Academy for Science and Technology\Desktop\hello.java\fleur-airlines\src\main\java\com\fleurairlines\model\Airport.java
C:\Users\Farah\OneDrive - Arab Academy for Science and Technology\Desktop\hello.java\fleur-airlines\src\main\java\com\fleurairlines\ui\PassengerDashboard.java
C:\Users\Farah\OneDrive - Arab Academy for Science and Technology\Desktop\hello.java\fleur-airlines\src\main\java\com\fleurairlines\ui\BookingExtrasScreen.java
C:\Users\Farah\OneDrive - Arab Academy for Science and Technology\Desktop\hello.java\fleur-airlines\src\main\java\module-info.java
C:\Users\Farah\OneDrive - Arab Academy for Science and Technology\Desktop\hello.java\fleur-airlines\src\main\java\com\fleurairlines\ui\SceneTransitionUtil.java
C:\Users\Farah\OneDrive - Arab Academy for Science and Technology\Desktop\hello.java\fleur-airlines\src\main\java\com\fleurairlines\util\PasswordUtil.java
C:\Users\Farah\OneDrive - Arab Academy for Science and Technology\Desktop\hello.java\fleur-airlines\src\main\java\com\fleurairlines\model\CrewMember.java
C:\Users\Farah\OneDrive - Arab Academy for Science and Technology\Desktop\hello.java\fleur-airlines\src\main\java\com\fleurairlines\util\DatabaseException.java
C:\Users\Farah\OneDrive - Arab Academy for Science and Technology\Desktop\hello.java\fleur-airlines\src\main\java\com\fleurairlines\pattern\FlightEventBus.java
